// Jest Snapshot v1, https://goo.gl/fbAQLP

exports[`Childcomponent snapshot 1`] = `
<RCTSafeAreaView
  emulateUnlessSupported={true}
  style={
    Object {
      "backgroundColor": "green",
      "flex": 1,
      "flexDirection": "column",
      "height": "100%",
      "width": "100%",
    }
  }
>
  <View
    style={
      Object {
        "backgroundColor": "green",
        "flex": 3,
        "width": "100%",
      }
    }
  >
    <RCTScrollView
      data={
        Array [
          Object {
            "id": 11,
            "name": "Deepak",
          },
          Object {
            "id": 12,
            "name": "Rajveer_masters",
          },
          Object {
            "id": 13,
            "name": "Sid_develops",
          },
          Object {
            "id": 14,
            "name": "Rashmi_masters",
          },
          Object {
            "id": 12,
            "name": "Rajveer_masters",
          },
          Object {
            "id": 13,
            "name": "Sid_develops",
          },
          Object {
            "id": 14,
            "name": "Rashmi_masters",
          },
          Object {
            "id": 14,
            "name": "Jambo",
          },
          Object {
            "id": 45,
            "name": "rambo",
          },
        ]
      }
      getItem={[Function]}
      getItemCount={[Function]}
      keyExtractor={[Function]}
      onContentSizeChange={[Function]}
      onLayout={[Function]}
      onMomentumScrollBegin={[Function]}
      onMomentumScrollEnd={[Function]}
      onScroll={[Function]}
      onScrollBeginDrag={[Function]}
      onScrollEndDrag={[Function]}
      removeClippedSubviews={false}
      renderItem={[Function]}
      scrollEventThrottle={50}
      stickyHeaderIndices={Array []}
      viewabilityConfigCallbackPairs={Array []}
    >
      <View>
        <View
          onLayout={[Function]}
          style={null}
        >
          <View
            style={
              Object {
                "alignItems": "center",
                "alignSelf": "center",
                "backgroundColor": "pink",
                "height": 100,
                "justifyContent": "center",
                "marginHorizontal": 6,
                "marginVertical": 8,
                "padding": 10,
                "width": "96%",
              }
            }
          >
            <Text
              style={
                Object {
                  "color": "red",
                  "fontSize": 20,
                }
              }
            >
              Deepak
            </Text>
          </View>
        </View>
        <View
          onLayout={[Function]}
          style={null}
        >
          <View
            style={
              Object {
                "alignItems": "center",
                "alignSelf": "center",
                "backgroundColor": "pink",
                "height": 100,
                "justifyContent": "center",
                "marginHorizontal": 6,
                "marginVertical": 8,
                "padding": 10,
                "width": "96%",
              }
            }
          >
            <Text
              style={
                Object {
                  "color": "red",
                  "fontSize": 20,
                }
              }
            >
              Rajveer_masters
            </Text>
          </View>
        </View>
        <View
          onLayout={[Function]}
          style={null}
        >
          <View
            style={
              Object {
                "alignItems": "center",
                "alignSelf": "center",
                "backgroundColor": "pink",
                "height": 100,
                "justifyContent": "center",
                "marginHorizontal": 6,
                "marginVertical": 8,
                "padding": 10,
                "width": "96%",
              }
            }
          >
            <Text
              style={
                Object {
                  "color": "red",
                  "fontSize": 20,
                }
              }
            >
              Sid_develops
            </Text>
          </View>
        </View>
        <View
          onLayout={[Function]}
          style={null}
        >
          <View
            style={
              Object {
                "alignItems": "center",
                "alignSelf": "center",
                "backgroundColor": "pink",
                "height": 100,
                "justifyContent": "center",
                "marginHorizontal": 6,
                "marginVertical": 8,
                "padding": 10,
                "width": "96%",
              }
            }
          >
            <Text
              style={
                Object {
                  "color": "red",
                  "fontSize": 20,
                }
              }
            >
              Rashmi_masters
            </Text>
          </View>
        </View>
        <View
          onLayout={[Function]}
          style={null}
        >
          <View
            style={
              Object {
                "alignItems": "center",
                "alignSelf": "center",
                "backgroundColor": "pink",
                "height": 100,
                "justifyContent": "center",
                "marginHorizontal": 6,
                "marginVertical": 8,
                "padding": 10,
                "width": "96%",
              }
            }
          >
            <Text
              style={
                Object {
                  "color": "red",
                  "fontSize": 20,
                }
              }
            >
              Rajveer_masters
            </Text>
          </View>
        </View>
        <View
          onLayout={[Function]}
          style={null}
        >
          <View
            style={
              Object {
                "alignItems": "center",
                "alignSelf": "center",
                "backgroundColor": "pink",
                "height": 100,
                "justifyContent": "center",
                "marginHorizontal": 6,
                "marginVertical": 8,
                "padding": 10,
                "width": "96%",
              }
            }
          >
            <Text
              style={
                Object {
                  "color": "red",
                  "fontSize": 20,
                }
              }
            >
              Sid_develops
            </Text>
          </View>
        </View>
        <View
          onLayout={[Function]}
          style={null}
        >
          <View
            style={
              Object {
                "alignItems": "center",
                "alignSelf": "center",
                "backgroundColor": "pink",
                "height": 100,
                "justifyContent": "center",
                "marginHorizontal": 6,
                "marginVertical": 8,
                "padding": 10,
                "width": "96%",
              }
            }
          >
            <Text
              style={
                Object {
                  "color": "red",
                  "fontSize": 20,
                }
              }
            >
              Rashmi_masters
            </Text>
          </View>
        </View>
        <View
          onLayout={[Function]}
          style={null}
        >
          <View
            style={
              Object {
                "alignItems": "center",
                "alignSelf": "center",
                "backgroundColor": "pink",
                "height": 100,
                "justifyContent": "center",
                "marginHorizontal": 6,
                "marginVertical": 8,
                "padding": 10,
                "width": "96%",
              }
            }
          >
            <Text
              style={
                Object {
                  "color": "red",
                  "fontSize": 20,
                }
              }
            >
              Jambo
            </Text>
          </View>
        </View>
        <View
          onLayout={[Function]}
          style={null}
        >
          <View
            style={
              Object {
                "alignItems": "center",
                "alignSelf": "center",
                "backgroundColor": "pink",
                "height": 100,
                "justifyContent": "center",
                "marginHorizontal": 6,
                "marginVertical": 8,
                "padding": 10,
                "width": "96%",
              }
            }
          >
            <Text
              style={
                Object {
                  "color": "red",
                  "fontSize": 20,
                }
              }
            >
              rambo
            </Text>
          </View>
        </View>
      </View>
    </RCTScrollView>
  </View>
  <View
    style={
      Object {
        "backgroundColor": "yellow",
        "flex": 1,
        "width": "100%",
      }
    }
  >
    <View
      accessibilityRole="button"
      accessible={true}
      collapsable={false}
      focusable={true}
      onClick={[Function]}
      onResponderGrant={[Function]}
      onResponderMove={[Function]}
      onResponderRelease={[Function]}
      onResponderTerminate={[Function]}
      onResponderTerminationRequest={[Function]}
      onStartShouldSetResponder={[Function]}
      style={
        Object {
          "opacity": 1,
        }
      }
    >
      <View
        style={
          Array [
            Object {},
          ]
        }
      >
        <Text
          style={
            Array [
              Object {
                "color": "#007AFF",
                "fontSize": 18,
                "margin": 8,
                "textAlign": "center",
              },
            ]
          }
        >
          PRESS ME
        </Text>
      </View>
    </View>
    <Text>
      HELLO
    </Text>
  </View>
</RCTSafeAreaView>
`;
